[INFO] Scanning for projects...
[INFO] 
[INFO] ----------------------< com.school:admin-system >-----------------------
[INFO] Building admin-system 0.0.1-SNAPSHOT
[INFO]   from pom.xml
[INFO] --------------------------------[ jar ]---------------------------------
[INFO] 
[INFO] >>> spring-boot:3.2.5:run (default-cli) > test-compile @ admin-system >>>
[INFO] 
[INFO] --- resources:3.3.1:resources (default-resources) @ admin-system ---
[INFO] Copying 1 resource from src\main\resources to target\classes
[INFO] Copying 0 resource from src\main\resources to target\classes
[INFO] 
[INFO] --- compiler:3.11.0:compile (default-compile) @ admin-system ---
[INFO] Nothing to compile - all classes are up to date
[INFO] 
[INFO] --- resources:3.3.1:testResources (default-testResources) @ admin-system ---
[INFO] skip non existing resourceDirectory C:\Users\Fani\Downloads\admin-system\admin-system\src\test\resources
[INFO] 
[INFO] --- compiler:3.11.0:testCompile (default-testCompile) @ admin-system ---
[INFO] Nothing to compile - all classes are up to date
[INFO] 
[INFO] <<< spring-boot:3.2.5:run (default-cli) < test-compile @ admin-system <<<
[INFO] 
[INFO] 
[INFO] --- spring-boot:3.2.5:run (default-cli) @ admin-system ---
[INFO] Attaching agents: []

  .   ____          _            __ _ _
 /\\ / ___'_ __ _ _(_)_ __  __ _ \ \ \ \
( ( )\___ | '_ | '_| | '_ \/ _` | \ \ \ \
 \\/  ___)| |_)| | | | | || (_| |  ) ) ) )
  '  |____| .__|_| |_|_| |_\__, | / / / /
 =========|_|==============|___/=/_/_/_/
 :: Spring Boot ::                (v3.2.5)

2026-06-03T13:25:20.390+02:00  INFO 5692 --- [admin-system] [           main] c.s.admin_system.AdminSystemApplication  : Starting AdminSystemApplication using Java 17.0.17 with PID 5692 (C:\Users\Fani\Downloads\admin-system\admin-system\target\classes started by Fani in C:\Users\Fani\Downloads\admin-system\admin-system)
2026-06-03T13:25:20.390+02:00  INFO 5692 --- [admin-system] [           main] c.s.admin_system.AdminSystemApplication  : No active profile set, falling back to 1 default profile: "default"
2026-06-03T13:25:20.988+02:00  INFO 5692 --- [admin-system] [           main] .s.d.r.c.RepositoryConfigurationDelegate : Bootstrapping Spring Data JPA repositories in DEFAULT mode.
2026-06-03T13:25:21.067+02:00  INFO 5692 --- [admin-system] [           main] .s.d.r.c.RepositoryConfigurationDelegate : Finished Spring Data repository scanning in 63 ms. Found 13 JPA repository interfaces.
2026-06-03T13:25:21.567+02:00  INFO 5692 --- [admin-system] [           main] o.s.b.w.embedded.tomcat.TomcatWebServer  : Tomcat initialized with port 8080 (http)
2026-06-03T13:25:21.584+02:00  INFO 5692 --- [admin-system] [           main] o.apache.catalina.core.StandardService   : Starting service [Tomcat]
2026-06-03T13:25:21.584+02:00  INFO 5692 --- [admin-system] [           main] o.apache.catalina.core.StandardEngine    : Starting Servlet engine: [Apache Tomcat/10.1.20]
2026-06-03T13:25:21.650+02:00  INFO 5692 --- [admin-system] [           main] o.a.c.c.C.[Tomcat].[localhost].[/]       : Initializing Spring embedded WebApplicationContext
2026-06-03T13:25:21.652+02:00  INFO 5692 --- [admin-system] [           main] w.s.c.ServletWebServerApplicationContext : Root WebApplicationContext: initialization completed in 1214 ms
2026-06-03T13:25:21.777+02:00  INFO 5692 --- [admin-system] [           main] o.hibernate.jpa.internal.util.LogHelper  : HHH000204: Processing PersistenceUnitInfo [name: default]
2026-06-03T13:25:21.827+02:00  INFO 5692 --- [admin-system] [           main] org.hibernate.Version                    : HHH000412: Hibernate ORM core version 6.4.4.Final
2026-06-03T13:25:21.849+02:00  INFO 5692 --- [admin-system] [           main] o.h.c.internal.RegionFactoryInitiator    : HHH000026: Second-level cache disabled
2026-06-03T13:25:22.032+02:00  INFO 5692 --- [admin-system] [           main] o.s.o.j.p.SpringPersistenceUnitInfo      : No LoadTimeWeaver setup: ignoring JPA class transformer
2026-06-03T13:25:22.053+02:00  INFO 5692 --- [admin-system] [           main] com.zaxxer.hikari.HikariDataSource       : HikariPool-1 - Starting...
2026-06-03T13:25:22.433+02:00  INFO 5692 --- [admin-system] [           main] com.zaxxer.hikari.pool.HikariPool        : HikariPool-1 - Added connection com.mysql.cj.jdbc.ConnectionImpl@fcd0e8d
2026-06-03T13:25:22.436+02:00  INFO 5692 --- [admin-system] [           main] com.zaxxer.hikari.HikariDataSource       : HikariPool-1 - Start completed.
2026-06-03T13:25:22.498+02:00  WARN 5692 --- [admin-system] [           main] org.hibernate.orm.deprecation            : HHH90000025: MySQL8Dialect does not need to be specified explicitly using 'hibernate.dialect' (remove the property setting and it will be selected by default)
2026-06-03T13:25:22.498+02:00  WARN 5692 --- [admin-system] [           main] org.hibernate.orm.deprecation            : HHH90000026: MySQL8Dialect has been deprecated; use org.hibernate.dialect.MySQLDialect instead
2026-06-03T13:25:23.505+02:00  INFO 5692 --- [admin-system] [           main] o.h.e.t.j.p.i.JtaPlatformInitiator       : HHH000489: No JTA platform available (set 'hibernate.transaction.jta.platform' to enable JTA platform integration)
2026-06-03T13:25:23.727+02:00  INFO 5692 --- [admin-system] [           main] j.LocalContainerEntityManagerFactoryBean : Initialized JPA EntityManagerFactory for persistence unit 'default'
2026-06-03T13:25:24.096+02:00  WARN 5692 --- [admin-system] [           main] JpaBaseConfiguration$JpaWebConfiguration : spring.jpa.open-in-view is enabled by default. Therefore, database queries may be performed during view rendering. Explicitly configure spring.jpa.open-in-view to disable this warning
2026-06-03T13:25:24.107+02:00  WARN 5692 --- [admin-system] [           main] .s.s.UserDetailsServiceAutoConfiguration : 

Using generated security password: 37b1aef0-5fac-4ecf-a8eb-0f975151ca14

This generated password is for development use only. Your security configuration must be updated before running your application in production.

2026-06-03T13:25:24.322+02:00  INFO 5692 --- [admin-system] [           main] o.s.s.web.DefaultSecurityFilterChain     : Will secure any request with [org.springframework.security.web.session.DisableEncodeUrlFilter@6441da2c, org.springframework.security.web.context.request.async.WebAsyncManagerIntegrationFilter@61b11d35, org.springframework.security.web.context.SecurityContextHolderFilter@6812708d, org.springframework.security.web.header.HeaderWriterFilter@592fbd8, org.springframework.web.filter.CorsFilter@7c7d83ff, org.springframework.security.web.authentication.logout.LogoutFilter@6e95c023, org.springframework.security.web.savedrequest.RequestCacheAwareFilter@123a21ad, org.springframework.security.web.servletapi.SecurityContextHolderAwareRequestFilter@51179fad, org.springframework.security.web.authentication.AnonymousAuthenticationFilter@4b0df349, org.springframework.security.web.access.ExceptionTranslationFilter@e417628, org.springframework.security.web.access.intercept.AuthorizationFilter@56dae6]
2026-06-03T13:25:24.511+02:00  INFO 5692 --- [admin-system] [           main] o.s.b.w.embedded.tomcat.TomcatWebServer  : Tomcat started on port 8080 (http) with context path ''
2026-06-03T13:25:24.518+02:00  INFO 5692 --- [admin-system] [           main] c.s.admin_system.AdminSystemApplication  : Started AdminSystemApplication in 4.458 seconds (process running for 4.752)
2026-06-03T13:32:13.926+02:00  INFO 5692 --- [admin-system] [nio-8080-exec-1] o.a.c.c.C.[Tomcat].[localhost].[/]       : Initializing Spring DispatcherServlet 'dispatcherServlet'
2026-06-03T13:32:13.926+02:00  INFO 5692 --- [admin-system] [nio-8080-exec-1] o.s.web.servlet.DispatcherServlet        : Initializing Servlet 'dispatcherServlet'
2026-06-03T13:32:13.957+02:00  INFO 5692 --- [admin-system] [nio-8080-exec-1] o.s.web.servlet.DispatcherServlet        : Completed initialization in 31 ms
